
> hnos-pienda@0.1.0 build
> next build

Ôû▓ Next.js 16.1.1 (Turbopack)
- Environments: .env.local

  Creating an optimized production build ...
Ô£ô Compiled successfully in 7.6s
  Running TypeScript ...
node.exe : Failed to compile.
En C:\Program Files\nodejs\npm.ps1: 29 
Carácter: 3
+   & $NODE_EXE $NPM_CLI_JS $args
+   ~~~~~~~~~~~~~~~~~~~~~~~~~~~~~
    + CategoryInfo          : NotSpecified 
   : (Failed to compile.:String) [], Remo  
  teException
    + FullyQualifiedErrorId : NativeComman 
   dError
 

./app/menu/page.tsx:168:66
Type error: Property 'tipo_medida' does 
not exist on type 'ItemMenuConVariantes'.

[0m [90m 166 |[39m                      
               [33m<[39m[33m/[39m[33md
iv[39m[33m>[39m
 [90m 167 |[39m                          
           [33m<[39m[33mp[39m 
className[33m=[39m[32m"text-sm text-[var
(--text-secondary)]"[39m[33m>[39m
[31m[1m>[22m[39m[90m 168 |[39m       
                                  {getTipoM
edidaTexto(item[33m.[39mtipo_medida)}
 [90m     |[39m                          
                                        
[31m[1m^[22m[39m
 [90m 169 |[39m                          
           [33m<[39m[33m/[39m[33mp[39
m[33m>[39m
 [90m 170 |[39m                          
       [33m<[39m[33m/[39m[33mdiv[39m
[33m>[39m
 [90m 171 |[39m[0m
Next.js build worker exited with code: 1 
and signal: null
